test with existing sut type:
============================

init: good_init; sut: sut

test with non-existing sut type:
================================
Error: Type `absent' is not declared in the module.

test with a wrong type for init function:
=========================================
Error: Function `bad_init' is not declared in the module.

test with an absent init function:
==================================
Error: Function `absent' is not declared in the module.

test with not well formed type expression:
==========================================
Error: `a-t' is not a well formed type expression.

test with non instantiated sut type parameter:
==============================================
Error: Type parameter of the system under test should be instantiated.

test with arrow type as sut:
============================
Error: The type given for the system under test is not supported.

